1782926552659087270 run 1
1782926552668352907 run 2
1782926552676194192 run 3
1782926552684172099 run 4
1782926552692148717 run 5
1782926552700059624 run 6
1782926552707928950 run 7
1782926552715731272 run 8
1782926552723560735 run 9
1782926552731411638 run 10
1782982338429666071 run 1
1782982338437672796 run 2
1782982338445705159 run 3
1782982338453673023 run 4
1782982338461491657 run 5
1782982338469217185 run 6
1782982338476807905 run 7
1782982338484531462 run 8
1782982338492313668 run 9
1782982338500569875 run 10
1782982338508214607 run 11
1783069108949676468 run 1
1783069108958802502 run 2
1783069108967256429 run 3
1783069108975945158 run 4
1783069108984359448 run 5
1783069108993083902 run 6
1783069109001516081 run 7
1783069109010076134 run 8
1783069109018563527 run 9
1783069109027186250 run 10
1783069109035516505 run 11
1783154005040728427 run 1
1783154005049122862 run 2
1783154005057832517 run 3
1783154005066087999 run 4
1783154005074632949 run 5
1783154005082688658 run 6
1783154005090660035 run 7
1783154005099573723 run 8
1783154005108335199 run 9
1783154005116280311 run 10
1783154005124418142 run 11
1783241363221421789 run 1
1783241363230269565 run 2
1783241363238791240 run 3
1783241363247947052 run 4
1783241363256910834 run 5
1783241363265257860 run 6
1783241363273791538 run 7
1783241363282220650 run 8
1783241363290894201 run 9
1783241363299439857 run 10
1783241363307977000 run 11
1783332864127660272 run 1
1783332864136256029 run 2
1783332864144272290 run 3
1783332864152621800 run 4
1783332864160897657 run 5
1783332864168986942 run 6
1783332864177253965 run 7
1783332864185450741 run 8
1783332864193606775 run 9
1783332864201758768 run 10
1783332864209955123 run 11
1783417000953561271 run 1
1783417000962066253 run 2
1783417000970443447 run 3
1783417000978814749 run 4
1783417000989000826 run 5
1783417000998467915 run 6
1783417001006565667 run 7
1783417001014991983 run 8
1783417001023748154 run 9
1783417001031818674 run 10
1783417001040434051 run 11
1783499017142289728 run 1
1783499017151171229 run 2
1783499017159285983 run 3
1783499017167354686 run 4
1783499017175303988 run 5
1783499017183206509 run 6
1783499017191317325 run 7
1783499017199304104 run 8
1783499017207269710 run 9
1783499017215164994 run 10
1783589660726913872 run 1
1783589660735012391 run 2
1783589660742644684 run 3
1783589660750427571 run 4
1783589660758122041 run 5
1783589660765813467 run 6
1783589660773595932 run 7
1783589660781241522 run 8
1783589660788862618 run 9
1783589660796551236 run 10
1783675833773522851 run 1
1783675833783031196 run 2
1783675833791350636 run 3
1783675833799553750 run 4
1783675833807628600 run 5
1783675833815751685 run 6
1783675833823945103 run 7
1783675833832166413 run 8
1783675833840406009 run 9
1783675833848640416 run 10
1783675833856890490 run 11
Fri Jul 10 17:14:14 UTC 2026 - entry 1
Fri Jul 10 17:14:16 UTC 2026 - entry 2
Fri Jul 10 17:14:18 UTC 2026 - entry 3
Fri Jul 10 19:42:21 UTC 2026 - entry 1
Fri Jul 10 19:42:23 UTC 2026 - entry 2
Sat Jul 11 03:22:40 UTC 2026 - entry 1
Sat Jul 11 03:22:42 UTC 2026 - entry 2
Sat Jul 11 03:22:44 UTC 2026 - entry 3
Sat Jul 11 08:05:45 UTC 2026 - entry 1
Sat Jul 11 08:05:47 UTC 2026 - entry 2
Sat Jul 11 13:41:23 UTC 2026 - entry 1
Sat Jul 11 13:41:25 UTC 2026 - entry 2
Sat Jul 11 19:13:44 UTC 2026 - entry 1
Sat Jul 11 19:13:46 UTC 2026 - entry 2
Sun Jul 12 03:34:28 UTC 2026 - entry 1
Sun Jul 12 03:34:30 UTC 2026 - entry 2
Sun Jul 12 08:26:52 UTC 2026 - entry 1
Sun Jul 12 08:26:54 UTC 2026 - entry 2
Sun Jul 12 08:26:56 UTC 2026 - entry 3
Sun Jul 12 13:41:50 UTC 2026 - entry 1
Sun Jul 12 13:41:52 UTC 2026 - entry 2
Sun Jul 12 19:14:34 UTC 2026 - entry 1
Sun Jul 12 19:14:36 UTC 2026 - entry 2
Sun Jul 12 19:14:38 UTC 2026 - entry 3
Mon Jul 13 03:37:16 UTC 2026 - entry 1
Mon Jul 13 03:37:18 UTC 2026 - entry 2
Mon Jul 13 03:37:20 UTC 2026 - entry 3
Mon Jul 13 09:39:46 UTC 2026 - entry 1
Mon Jul 13 09:39:48 UTC 2026 - entry 2
Mon Jul 13 14:50:01 UTC 2026 - entry 1
Mon Jul 13 14:50:03 UTC 2026 - entry 2
Mon Jul 13 14:50:05 UTC 2026 - entry 3
Mon Jul 13 19:38:26 UTC 2026 - entry 1
Mon Jul 13 19:38:28 UTC 2026 - entry 2
Tue Jul 14 03:12:31 UTC 2026 - entry 1
Tue Jul 14 03:12:33 UTC 2026 - entry 2
Tue Jul 14 08:19:54 UTC 2026 - entry 1
Tue Jul 14 08:19:56 UTC 2026 - entry 2
Tue Jul 14 08:19:58 UTC 2026 - entry 3
Tue Jul 14 13:59:43 UTC 2026 - entry 1
Tue Jul 14 13:59:45 UTC 2026 - entry 2
Tue Jul 14 13:59:47 UTC 2026 - entry 3
Tue Jul 14 19:35:47 UTC 2026 - entry 1
Tue Jul 14 19:35:49 UTC 2026 - entry 2
Tue Jul 14 19:35:51 UTC 2026 - entry 3
Wed Jul 15 02:56:28 UTC 2026 - entry 1
Wed Jul 15 02:56:30 UTC 2026 - entry 2
Wed Jul 15 08:25:35 UTC 2026 - entry 1
Wed Jul 15 08:25:37 UTC 2026 - entry 2
Wed Jul 15 13:56:59 UTC 2026 - entry 1
Wed Jul 15 13:57:01 UTC 2026 - entry 2
Wed Jul 15 19:21:50 UTC 2026 - entry 1
Wed Jul 15 19:21:52 UTC 2026 - entry 2
Thu Jul 16 03:18:33 UTC 2026 - entry 1
Thu Jul 16 03:18:35 UTC 2026 - entry 2
Thu Jul 16 08:24:39 UTC 2026 - entry 1
Thu Jul 16 08:24:41 UTC 2026 - entry 2
Thu Jul 16 08:24:43 UTC 2026 - entry 3
Thu Jul 16 14:08:49 UTC 2026 - entry 1
Thu Jul 16 14:08:51 UTC 2026 - entry 2
Thu Jul 16 19:21:55 UTC 2026 - entry 1
Thu Jul 16 19:21:57 UTC 2026 - entry 2
Thu Jul 16 19:21:59 UTC 2026 - entry 3
Fri Jul 17 03:21:36 UTC 2026 - entry 1
Fri Jul 17 03:21:38 UTC 2026 - entry 2
Fri Jul 17 03:21:40 UTC 2026 - entry 3
Fri Jul 17 08:20:42 UTC 2026 - entry 1
Fri Jul 17 08:20:44 UTC 2026 - entry 2
Fri Jul 17 08:20:46 UTC 2026 - entry 3
Fri Jul 17 13:52:43 UTC 2026 - entry 1
Fri Jul 17 13:52:45 UTC 2026 - entry 2
Fri Jul 17 19:19:50 UTC 2026 - entry 1
Fri Jul 17 19:19:52 UTC 2026 - entry 2
Sat Jul 18 03:11:18 UTC 2026 - entry 1
Sat Jul 18 03:11:20 UTC 2026 - entry 2
Sat Jul 18 08:02:21 UTC 2026 - entry 1
Sat Jul 18 08:02:23 UTC 2026 - entry 2
Sat Jul 18 13:36:06 UTC 2026 - entry 1
Sat Jul 18 13:36:08 UTC 2026 - entry 2
Sat Jul 18 13:36:10 UTC 2026 - entry 3
Sat Jul 18 19:13:09 UTC 2026 - entry 1
Sat Jul 18 19:13:11 UTC 2026 - entry 2
Sun Jul 19 03:31:02 UTC 2026 - entry 1
Sun Jul 19 03:31:04 UTC 2026 - entry 2
Sun Jul 19 03:31:06 UTC 2026 - entry 3
Sun Jul 19 08:28:11 UTC 2026 - entry 1
Sun Jul 19 08:28:13 UTC 2026 - entry 2
Sun Jul 19 13:38:44 UTC 2026 - entry 1
Sun Jul 19 13:38:46 UTC 2026 - entry 2
Sun Jul 19 13:38:48 UTC 2026 - entry 3
Sun Jul 19 19:14:50 UTC 2026 - entry 1
Sun Jul 19 19:14:52 UTC 2026 - entry 2
Mon Jul 20 03:45:19 UTC 2026 - entry 1
Mon Jul 20 03:45:21 UTC 2026 - entry 2
Mon Jul 20 09:27:39 UTC 2026 - entry 1
Mon Jul 20 09:27:41 UTC 2026 - entry 2
Mon Jul 20 14:22:17 UTC 2026 - entry 1
Mon Jul 20 14:22:19 UTC 2026 - entry 2
Mon Jul 20 19:50:05 UTC 2026 - entry 1
Mon Jul 20 19:50:07 UTC 2026 - entry 2
Mon Jul 20 19:50:09 UTC 2026 - entry 3
Tue Jul 21 03:24:38 UTC 2026 - entry 1
Tue Jul 21 03:24:40 UTC 2026 - entry 2
Tue Jul 21 03:24:42 UTC 2026 - entry 3
Tue Jul 21 08:38:49 UTC 2026 - entry 1
Tue Jul 21 08:38:51 UTC 2026 - entry 2
Tue Jul 21 14:08:18 UTC 2026 - entry 1
Tue Jul 21 14:08:20 UTC 2026 - entry 2
Tue Jul 21 19:41:09 UTC 2026 - entry 1
Tue Jul 21 19:41:11 UTC 2026 - entry 2
Wed Jul 22 03:23:04 UTC 2026 - entry 1
Wed Jul 22 03:23:06 UTC 2026 - entry 2
Wed Jul 22 08:38:08 UTC 2026 - entry 1
Wed Jul 22 08:38:10 UTC 2026 - entry 2
Wed Jul 22 08:38:12 UTC 2026 - entry 3
Wed Jul 22 14:10:40 UTC 2026 - entry 1
Wed Jul 22 14:10:42 UTC 2026 - entry 2
Wed Jul 22 19:36:06 UTC 2026 - entry 1
Wed Jul 22 19:36:08 UTC 2026 - entry 2
Thu Jul 23 03:29:39 UTC 2026 - entry 1
Thu Jul 23 03:29:41 UTC 2026 - entry 2
Thu Jul 23 03:29:43 UTC 2026 - entry 3
Thu Jul 23 08:39:51 UTC 2026 - entry 1
Thu Jul 23 08:39:53 UTC 2026 - entry 2
Thu Jul 23 08:39:55 UTC 2026 - entry 3
Thu Jul 23 14:21:04 UTC 2026 - entry 1
Thu Jul 23 14:21:06 UTC 2026 - entry 2
Thu Jul 23 14:21:08 UTC 2026 - entry 3
Thu Jul 23 19:35:15 UTC 2026 - entry 1
Thu Jul 23 19:35:17 UTC 2026 - entry 2
Fri Jul 24 03:24:21 UTC 2026 - entry 1
Fri Jul 24 03:24:23 UTC 2026 - entry 2
Fri Jul 24 03:24:25 UTC 2026 - entry 3
Fri Jul 24 08:35:44 UTC 2026 - entry 1
Fri Jul 24 08:35:46 UTC 2026 - entry 2
Fri Jul 24 13:58:52 UTC 2026 - entry 1
Fri Jul 24 13:58:54 UTC 2026 - entry 2
Fri Jul 24 19:39:07 UTC 2026 - entry 1
Fri Jul 24 19:39:09 UTC 2026 - entry 2
Sat Jul 25 03:22:11 UTC 2026 - entry 1
Sat Jul 25 03:22:13 UTC 2026 - entry 2
Sat Jul 25 03:22:15 UTC 2026 - entry 3
Sat Jul 25 08:16:35 UTC 2026 - entry 1
Sat Jul 25 08:16:37 UTC 2026 - entry 2
Sat Jul 25 13:49:16 UTC 2026 - entry 1
Sat Jul 25 13:49:18 UTC 2026 - entry 2
Sat Jul 25 19:17:49 UTC 2026 - entry 1
Sat Jul 25 19:17:51 UTC 2026 - entry 2
Sun Jul 26 03:36:06 UTC 2026 - entry 1
Sun Jul 26 03:36:08 UTC 2026 - entry 2
Sun Jul 26 08:35:06 UTC 2026 - entry 1
Sun Jul 26 08:35:08 UTC 2026 - entry 2
Sun Jul 26 08:35:10 UTC 2026 - entry 3
Sun Jul 26 13:42:37 UTC 2026 - entry 1
Sun Jul 26 13:42:39 UTC 2026 - entry 2
Sun Jul 26 19:20:37 UTC 2026 - entry 1
Sun Jul 26 19:20:39 UTC 2026 - entry 2
Sun Jul 26 19:20:41 UTC 2026 - entry 3
Mon Jul 27 03:44:38 UTC 2026 - entry 1
Mon Jul 27 03:44:40 UTC 2026 - entry 2
Mon Jul 27 10:02:50 UTC 2026 - entry 1
Mon Jul 27 10:02:52 UTC 2026 - entry 2
Mon Jul 27 10:02:54 UTC 2026 - entry 3
Mon Jul 27 14:50:26 UTC 2026 - entry 1
Mon Jul 27 14:50:28 UTC 2026 - entry 2
Mon Jul 27 14:50:30 UTC 2026 - entry 3
Mon Jul 27 19:44:07 UTC 2026 - entry 1
Mon Jul 27 19:44:09 UTC 2026 - entry 2
Tue Jul 28 03:16:03 UTC 2026 - entry 1
Tue Jul 28 03:16:05 UTC 2026 - entry 2
Tue Jul 28 03:16:07 UTC 2026 - entry 3
Tue Jul 28 08:45:14 UTC 2026 - entry 1
Tue Jul 28 08:45:16 UTC 2026 - entry 2
Tue Jul 28 08:45:18 UTC 2026 - entry 3
Tue Jul 28 14:25:09 UTC 2026 - entry 1
Tue Jul 28 14:25:11 UTC 2026 - entry 2
Tue Jul 28 19:41:43 UTC 2026 - entry 1
Tue Jul 28 19:41:45 UTC 2026 - entry 2
Wed Jul 29 03:19:01 UTC 2026 - entry 1
Wed Jul 29 03:19:03 UTC 2026 - entry 2
Wed Jul 29 08:50:02 UTC 2026 - entry 1
Wed Jul 29 08:50:04 UTC 2026 - entry 2
Wed Jul 29 08:50:06 UTC 2026 - entry 3
Wed Jul 29 14:23:47 UTC 2026 - entry 1
Wed Jul 29 14:23:49 UTC 2026 - entry 2
Wed Jul 29 14:23:51 UTC 2026 - entry 3
Wed Jul 29 19:26:59 UTC 2026 - entry 1
Wed Jul 29 19:27:01 UTC 2026 - entry 2
Wed Jul 29 19:27:03 UTC 2026 - entry 3
Thu Jul 30 02:51:35 UTC 2026 - entry 1
Thu Jul 30 02:51:37 UTC 2026 - entry 2
Thu Jul 30 08:38:40 UTC 2026 - entry 1
Thu Jul 30 08:38:42 UTC 2026 - entry 2
Thu Jul 30 14:20:26 UTC 2026 - entry 1
Thu Jul 30 14:20:28 UTC 2026 - entry 2
Thu Jul 30 19:42:22 UTC 2026 - entry 1
Thu Jul 30 19:42:24 UTC 2026 - entry 2
Thu Jul 30 19:42:26 UTC 2026 - entry 3
Fri Jul 31 03:34:21 UTC 2026 - entry 1
Fri Jul 31 03:34:23 UTC 2026 - entry 2
Fri Jul 31 03:34:25 UTC 2026 - entry 3
Fri Jul 31 09:10:52 UTC 2026 - entry 1
Fri Jul 31 09:10:54 UTC 2026 - entry 2
Fri Jul 31 09:10:56 UTC 2026 - entry 3
Fri Jul 31 14:23:28 UTC 2026 - entry 1
Fri Jul 31 14:23:30 UTC 2026 - entry 2
Fri Jul 31 14:23:32 UTC 2026 - entry 3
Fri Jul 31 19:43:37 UTC 2026 - entry 1
Fri Jul 31 19:43:39 UTC 2026 - entry 2
Fri Jul 31 19:43:41 UTC 2026 - entry 3
Sat Aug  1 03:34:00 UTC 2026 - entry 1
Sat Aug  1 03:34:02 UTC 2026 - entry 2
Sat Aug  1 03:34:04 UTC 2026 - entry 3
Sat Aug  1 08:29:19 UTC 2026 - entry 1
Sat Aug  1 08:29:22 UTC 2026 - entry 2
Sat Aug  1 13:42:01 UTC 2026 - entry 1
Sat Aug  1 13:42:03 UTC 2026 - entry 2
Sat Aug  1 19:18:37 UTC 2026 - entry 1
Sat Aug  1 19:18:39 UTC 2026 - entry 2
Sat Aug  1 19:18:41 UTC 2026 - entry 3
Sun Aug  2 03:33:38 UTC 2026 - entry 1
Sun Aug  2 03:33:40 UTC 2026 - entry 2
Sun Aug  2 03:33:42 UTC 2026 - entry 3
Sun Aug  2 08:32:08 UTC 2026 - entry 1
Sun Aug  2 08:32:10 UTC 2026 - entry 2
Sun Aug  2 08:32:12 UTC 2026 - entry 3
Sun Aug  2 13:41:54 UTC 2026 - entry 1
Sun Aug  2 13:41:56 UTC 2026 - entry 2
Sun Aug  2 13:41:58 UTC 2026 - entry 3
Sun Aug  2 19:19:28 UTC 2026 - entry 1
Sun Aug  2 19:19:30 UTC 2026 - entry 2
Mon Aug  3 03:35:55 UTC 2026 - entry 1
Mon Aug  3 03:35:57 UTC 2026 - entry 2
Mon Aug  3 09:58:10 UTC 2026 - entry 1
Mon Aug  3 09:58:12 UTC 2026 - entry 2
Mon Aug  3 14:54:17 UTC 2026 - entry 1
Mon Aug  3 14:54:19 UTC 2026 - entry 2
Mon Aug  3 14:54:21 UTC 2026 - entry 3
Mon Aug  3 19:46:27 UTC 2026 - entry 1
Mon Aug  3 19:46:30 UTC 2026 - entry 2
Mon Aug  3 19:46:32 UTC 2026 - entry 3
Tue Aug  4 03:19:05 UTC 2026 - entry 1
Tue Aug  4 03:19:07 UTC 2026 - entry 2
Tue Aug  4 08:48:37 UTC 2026 - entry 1
Tue Aug  4 08:48:39 UTC 2026 - entry 2
Tue Aug  4 14:30:24 UTC 2026 - entry 1
Tue Aug  4 14:30:26 UTC 2026 - entry 2
Tue Aug  4 19:45:46 UTC 2026 - entry 1
Tue Aug  4 19:45:48 UTC 2026 - entry 2
Tue Aug  4 19:45:50 UTC 2026 - entry 3
Wed Aug  5 03:14:32 UTC 2026 - entry 1
Wed Aug  5 03:14:34 UTC 2026 - entry 2
Wed Aug  5 08:45:43 UTC 2026 - entry 1
Wed Aug  5 08:45:45 UTC 2026 - entry 2
Wed Aug  5 14:23:35 UTC 2026 - entry 1
Wed Aug  5 14:23:37 UTC 2026 - entry 2
Wed Aug  5 19:44:30 UTC 2026 - entry 1
Wed Aug  5 19:44:32 UTC 2026 - entry 2
Wed Aug  5 19:44:34 UTC 2026 - entry 3
Thu Aug  6 03:17:33 UTC 2026 - entry 1
Thu Aug  6 03:17:35 UTC 2026 - entry 2
Thu Aug  6 08:47:08 UTC 2026 - entry 1
Thu Aug  6 08:47:10 UTC 2026 - entry 2
Thu Aug  6 14:26:42 UTC 2026 - entry 1
Thu Aug  6 14:26:44 UTC 2026 - entry 2
Fri Aug  7 00:07:59 UTC 2026 - entry 1
Fri Aug  7 00:08:01 UTC 2026 - entry 2
Fri Aug  7 00:08:03 UTC 2026 - entry 3
Fri Aug  7 07:25:53 UTC 2026 - entry 1
Fri Aug  7 07:25:55 UTC 2026 - entry 2
Fri Aug  7 07:25:57 UTC 2026 - entry 3
Fri Aug  7 13:17:27 UTC 2026 - entry 1
Fri Aug  7 13:17:29 UTC 2026 - entry 2
Fri Aug  7 13:17:31 UTC 2026 - entry 3
Fri Aug  7 19:05:21 UTC 2026 - entry 1
Fri Aug  7 19:05:23 UTC 2026 - entry 2
Sat Aug  8 02:02:45 UTC 2026 - entry 1
Sat Aug  8 02:02:47 UTC 2026 - entry 2
Sat Aug  8 02:02:50 UTC 2026 - entry 3
Sat Aug  8 07:03:06 UTC 2026 - entry 1
Sat Aug  8 07:03:08 UTC 2026 - entry 2
Sat Aug  8 13:01:10 UTC 2026 - entry 1
Sat Aug  8 13:01:12 UTC 2026 - entry 2
Sat Aug  8 18:47:47 UTC 2026 - entry 1
Sat Aug  8 18:47:49 UTC 2026 - entry 2
Sat Aug  8 18:47:51 UTC 2026 - entry 3
Sun Aug  9 02:10:20 UTC 2026 - entry 1
Sun Aug  9 02:10:22 UTC 2026 - entry 2
Sun Aug  9 07:05:11 UTC 2026 - entry 1
Sun Aug  9 07:05:13 UTC 2026 - entry 2
Sun Aug  9 13:03:58 UTC 2026 - entry 1
Sun Aug  9 13:04:00 UTC 2026 - entry 2
Sun Aug  9 13:04:02 UTC 2026 - entry 3
Sun Aug  9 18:50:52 UTC 2026 - entry 1
Sun Aug  9 18:50:54 UTC 2026 - entry 2
Sun Aug  9 18:50:56 UTC 2026 - entry 3
Mon Aug 10 02:19:09 UTC 2026 - entry 1
Mon Aug 10 02:19:11 UTC 2026 - entry 2
Mon Aug 10 02:19:13 UTC 2026 - entry 3
Mon Aug 10 07:52:57 UTC 2026 - entry 1
Mon Aug 10 07:52:59 UTC 2026 - entry 2
Mon Aug 10 07:53:01 UTC 2026 - entry 3
Mon Aug 10 13:22:38 UTC 2026 - entry 1
Mon Aug 10 13:22:40 UTC 2026 - entry 2
Mon Aug 10 13:22:42 UTC 2026 - entry 3
Mon Aug 10 19:04:59 UTC 2026 - entry 1
Mon Aug 10 19:05:01 UTC 2026 - entry 2
Mon Aug 10 19:05:03 UTC 2026 - entry 3
Tue Aug 11 02:09:31 UTC 2026 - entry 1
Tue Aug 11 02:09:33 UTC 2026 - entry 2
Tue Aug 11 02:09:35 UTC 2026 - entry 3
Tue Aug 11 07:17:32 UTC 2026 - entry 1
Tue Aug 11 07:17:34 UTC 2026 - entry 2
Tue Aug 11 13:19:31 UTC 2026 - entry 1
Tue Aug 11 13:19:33 UTC 2026 - entry 2
